---
source: src/config/main_config.rs
expression: "String :: from_utf8(buffer).expect(\"Buffer is invalid utf8\")"
---
[2m[TIMESTAMP][0m [32m INFO[0m [2mhandlr::config::main_config[0m[2m:[0m Setting `Helix.desktop` as handler for `text/plain`
[2m[TIMESTAMP][0m [33m WARN[0m [2mhandlr::common::handler[0m[2m:[0m The desktop entry `Helix.desktop` is invalid: No such file or directory (os error 2)
[2m[TIMESTAMP][0m [34mDEBUG[0m [2mhandlr::apps::user[0m[2m:[0m Expanding wildcards in mimeapps.list: false
[2m[TIMESTAMP][0m [34mDEBUG[0m [2mhandlr::apps::user[0m[2m:[0m New handlers for `text/plain`: Helix.desktop;
[2m[TIMESTAMP][0m [32m INFO[0m [2mhandlr::config::main_config[0m[2m:[0m Finished setting handler
[2m[TIMESTAMP][0m [34mDEBUG[0m [2mhandlr::apps::user[0m[2m:[0m Configured handlers for `text/plain` in mimeapps.list Default Associations: Helix.desktop;
[2m[TIMESTAMP][0m [34mDEBUG[0m [2mhandlr::apps::user[0m[2m:[0m Selector enabled: false, number of set handlers: 1
[2m[TIMESTAMP][0m [32m INFO[0m [2mhandlr::apps::user[0m[2m:[0m Not running selector, choosing first handler
[2m[TIMESTAMP][0m [32m INFO[0m [2mhandlr::config::main_config[0m[2m:[0m Match found for `text/plain` in mimeapps.list Default Associations
[2m[TIMESTAMP][0m [32m INFO[0m [2mhandlr::config::main_config[0m[2m:[0m Setting `nvim.desktop` as handler for `text/plain`
[2m[TIMESTAMP][0m [33m WARN[0m [2mhandlr::common::handler[0m[2m:[0m The desktop entry `nvim.desktop` is invalid: No such file or directory (os error 2)
[2m[TIMESTAMP][0m [34mDEBUG[0m [2mhandlr::apps::user[0m[2m:[0m Expanding wildcards in mimeapps.list: false
[2m[TIMESTAMP][0m [34mDEBUG[0m [2mhandlr::apps::user[0m[2m:[0m New handlers for `text/plain`: nvim.desktop;
[2m[TIMESTAMP][0m [32m INFO[0m [2mhandlr::config::main_config[0m[2m:[0m Finished setting handler
[2m[TIMESTAMP][0m [34mDEBUG[0m [2mhandlr::apps::user[0m[2m:[0m Configured handlers for `text/plain` in mimeapps.list Default Associations: nvim.desktop;
[2m[TIMESTAMP][0m [34mDEBUG[0m [2mhandlr::apps::user[0m[2m:[0m Selector enabled: false, number of set handlers: 1
[2m[TIMESTAMP][0m [32m INFO[0m [2mhandlr::apps::user[0m[2m:[0m Not running selector, choosing first handler
[2m[TIMESTAMP][0m [32m INFO[0m [2mhandlr::config::main_config[0m[2m:[0m Match found for `text/plain` in mimeapps.list Default Associations
[2m[TIMESTAMP][0m [32m INFO[0m [2mhandlr::config::main_config[0m[2m:[0m Unsetting handler for `text/plain`
[2m[TIMESTAMP][0m [34mDEBUG[0m [2mhandlr::apps::user[0m[2m:[0m New handlers for `text/plain`: <None>
[2m[TIMESTAMP][0m [32m INFO[0m [2mhandlr::config::main_config[0m[2m:[0m Finished unsetting handler
[2m[TIMESTAMP][0m [32m INFO[0m [2mhandlr::apps::user[0m[2m:[0m No handlers configured for `text/plain` in mimeapps.list Default associations
[2m[TIMESTAMP][0m [32m INFO[0m [2mhandlr::config::main_config[0m[2m:[0m No match for `text/plain` in mimeapps.list Default Associations
[2m[TIMESTAMP][0m [32m INFO[0m [2mhandlr::config::main_config[0m[2m:[0m No matching entries for `text/plain` in mimeapps.list Added Associations
[2m[TIMESTAMP][0m [34mDEBUG[0m [2mhandlr::apps::system[0m[2m:[0m No installed handlers found for `text/plain`
[2m[TIMESTAMP][0m [32m INFO[0m [2mhandlr::config::main_config[0m[2m:[0m No matching installed handlers found for `text/plain`
