---
source: src/config/main_config.rs
expression: "String::from_utf8(buffer)?"
---
{"cmd":"hx","handler":"tests/assets/Helix.desktop","name":"Helix"}
