---
source: src/config/main_config.rs
expression: "String::from_utf8(buffer)?"
---
tests/Helix.desktop
