---
source: src/common/table.rs
expression: "render_table(&rows(LOREM_IPSUM), true)"
---
┌──────────────┬───────────────┐
│[37m [39m[37mcol1[39m[37m        [39m[37m [39m│[37m [39m[37mcol2[39m[37m         [39m[37m [39m│
├──────────────┼───────────────┤
│[40m [49m[40mLorem[49m[40m       [49m[40m [49m│[40m [49m[40mipsum[49m[40m        [49m[40m [49m│
│[37m [39m[37mdolor[39m[37m       [39m[37m [39m│[37m [39m[37msit[39m[37m          [39m[37m [39m│
│[40m [49m[40mamet,[49m[40m       [49m[40m [49m│[40m [49m[40mconsectetur[49m[40m  [49m[40m [49m│
│[37m [39m[37madipiscing[39m[37m  [39m[37m [39m│[37m [39m[37melit,[39m[37m        [39m[37m [39m│
│[40m [49m[40msed[49m[40m         [49m[40m [49m│[40m [49m[40mdo[49m[40m           [49m[40m [49m│
│[37m [39m[37meiusmod[39m[37m     [39m[37m [39m│[37m [39m[37mtempor[39m[37m       [39m[37m [39m│
│[40m [49m[40mincididunt[49m[40m  [49m[40m [49m│[40m [49m[40mut[49m[40m           [49m[40m [49m│
│[37m [39m[37mlabore[39m[37m      [39m[37m [39m│[37m [39m[37met[39m[37m           [39m[37m [39m│
│[40m [49m[40mdolore[49m[40m      [49m[40m [49m│[40m [49m[40mmagna[49m[40m        [49m[40m [49m│
│[37m [39m[37maliqua.[39m[37m     [39m[37m [39m│[37m [39m[37mUt[39m[37m           [39m[37m [39m│
│[40m [49m[40menim[49m[40m        [49m[40m [49m│[40m [49m[40mad[49m[40m           [49m[40m [49m│
│[37m [39m[37mminim[39m[37m       [39m[37m [39m│[37m [39m[37mveniam,[39m[37m      [39m[37m [39m│
│[40m [49m[40mquis[49m[40m        [49m[40m [49m│[40m [49m[40mnostrud[49m[40m      [49m[40m [49m│
│[37m [39m[37mexercitation[39m[37m [39m│[37m [39m[37mullamco[39m[37m      [39m[37m [39m│
│[40m [49m[40mlaboris[49m[40m     [49m[40m [49m│[40m [49m[40mnisi[49m[40m         [49m[40m [49m│
│[37m [39m[37mut[39m[37m          [39m[37m [39m│[37m [39m[37maliquip[39m[37m      [39m[37m [39m│
│[40m [49m[40mex[49m[40m          [49m[40m [49m│[40m [49m[40mea[49m[40m           [49m[40m [49m│
│[37m [39m[37mcommodo[39m[37m     [39m[37m [39m│[37m [39m[37mconsequat.[39m[37m   [39m[37m [39m│
│[40m [49m[40mDuis[49m[40m        [49m[40m [49m│[40m [49m[40maute[49m[40m         [49m[40m [49m│
│[37m [39m[37mirure[39m[37m       [39m[37m [39m│[37m [39m[37mdolor[39m[37m        [39m[37m [39m│
│[40m [49m[40min[49m[40m          [49m[40m [49m│[40m [49m[40mreprehenderit[49m[40m [49m│
│[37m [39m[37min[39m[37m          [39m[37m [39m│[37m [39m[37mvoluptate[39m[37m    [39m[37m [39m│
│[40m [49m[40mvelit[49m[40m       [49m[40m [49m│[40m [49m[40messe[49m[40m         [49m[40m [49m│
│[37m [39m[37mcillum[39m[37m      [39m[37m [39m│[37m [39m[37mdolore[39m[37m       [39m[37m [39m│
│[40m [49m[40meu[49m[40m          [49m[40m [49m│[40m [49m[40mfugiat[49m[40m       [49m[40m [49m│
│[37m [39m[37mnulla[39m[37m       [39m[37m [39m│[37m [39m[37mpariatur.[39m[37m    [39m[37m [39m│
│[40m [49m[40mExcepteur[49m[40m   [49m[40m [49m│[40m [49m[40msint[49m[40m         [49m[40m [49m│
│[37m [39m[37moccaecat[39m[37m    [39m[37m [39m│[37m [39m[37mcupidatat[39m[37m    [39m[37m [39m│
│[40m [49m[40mnon[49m[40m         [49m[40m [49m│[40m [49m[40mproident,[49m[40m    [49m[40m [49m│
│[37m [39m[37msunt[39m[37m        [39m[37m [39m│[37m [39m[37min[39m[37m           [39m[37m [39m│
│[40m [49m[40mculpa[49m[40m       [49m[40m [49m│[40m [49m[40mqui[49m[40m          [49m[40m [49m│
│[37m [39m[37mofficia[39m[37m     [39m[37m [39m│[37m [39m[37mdeserunt[39m[37m     [39m[37m [39m│
│[40m [49m[40mmollit[49m[40m      [49m[40m [49m│[40m [49m[40manim[49m[40m         [49m[40m [49m│
│[37m [39m[37mid[39m[37m          [39m[37m [39m│[37m [39m[37mest[39m[37m          [39m[37m [39m│
└──────────────┴───────────────┘
