---
source: src/common/path.rs
expression: "String::from_utf8(buffer)?"
---
┌─────────────────────────────────────────────┬───────────────────────────┐
│[37m [39m[37mpath[39m[37m                                       [39m[37m [39m│[37m [39m[37mmime[39m[37m                     [39m[37m [39m│
├─────────────────────────────────────────────┼───────────────────────────┤
│[40m [49m[40mtests/assets[49m[40m                               [49m[40m [49m│[40m [49m[40minode/directory[49m[40m          [49m[40m [49m│
│[37m [39m[37mtests/assets/cat[39m[37m                           [39m[37m [39m│[37m [39m[37mapplication/x-shellscript[39m[37m [39m│
│[40m [49m[40mtests/assets/cmus.desktop[49m[40m                  [49m[40m [49m│[40m [49m[40mapplication/x-desktop[49m[40m    [49m[40m [49m│
│[37m [39m[37mtests/assets/empty.txt[39m[37m                     [39m[37m [39m│[37m [39m[37mtext/plain[39m[37m               [39m[37m [39m│
│[40m [49m[40mtests/assets/no_html_tags.html[49m[40m             [49m[40m [49m│[40m [49m[40mtext/html[49m[40m                [49m[40m [49m│
│[37m [39m[37mtests/assets/org.wezfurlong.wezterm.desktop[39m[37m [39m│[37m [39m[37mapplication/x-desktop[39m[37m    [39m[37m [39m│
│[40m [49m[40mtests/assets/p.html[49m[40m                        [49m[40m [49m│[40m [49m[40mtext/html[49m[40m                [49m[40m [49m│
│[37m [39m[37mtests/assets/rust.vim[39m[37m                      [39m[37m [39m│[37m [39m[37mtext/plain[39m[37m               [39m[37m [39m│
│[40m [49m[40mtests/assets/SettingsWidgetFdoSecrets.ui[49m[40m   [49m[40m [49m│[40m [49m[40mapplication/x-designer[49m[40m   [49m[40m [49m│
│[37m [39m[37mhttps://duckduckgo.com/[39m[37m                    [39m[37m [39m│[37m [39m[37mx-scheme-handler/https[39m[37m   [39m[37m [39m│
│[40m [49m[40m.[49m[40m                                          [49m[40m [49m│[40m [49m[40minode/directory[49m[40m          [49m[40m [49m│
│[37m [39m[37mREADME.md[39m[37m                                  [39m[37m [39m│[37m [39m[37mtext/markdown[39m[37m            [39m[37m [39m│
└─────────────────────────────────────────────┴───────────────────────────┘
